// Vitest Snapshot v1, https://vitest.dev/guide/snapshot.html

exports[`stats exists 1`] = `
{
  "assets": {},
  "chunks": {
    "index": {
      "modules": [
        {
          "id": "/Users/deanshub/dev/in-it/packages/test-app/build/index.js",
          "name": "index.js",
          "rendered": [],
          "size": 154,
        },
      ],
      "size": 155,
    },
  },
  "entry": "main.js",
}
`;
